{"foo":"bar","level":"info","label": "winston-pretty","message":"Hi there, this is a test INFO log, you can use objects as well","timestamp":"2023-01-20T16:27:10.463Z"}
{"level":"warn","label": "winston-pretty","message":"This is a test WARN log","timestamp":"2023-01-20T16:27:10.464Z"}
{"level":"error","label": "winston-pretty","message":"This is a test ERROR log This error will be pretty printed!","stack":"Error: This error will be pretty printed!\n    at run (/Users/dries/_code/_revoke/subscription/src/index.ts:49:41)\n    at Object.<anonymous> (/Users/dries/_code/_revoke/subscription/src/index.ts:53:1)\n    at Module._compile (node:internal/modules/cjs/loader:1218:14)\n    at Module.m._compile (/Users/dries/_code/_revoke/subscription/node_modules/ts-node/src/index.ts:1618:23)\n    at Module._extensions..js (node:internal/modules/cjs/loader:1272:10)\n    at Object.require.extensions.<computed> [as .ts] (/Users/dries/_code/_revoke/subscription/node_modules/ts-node/src/index.ts:1621:12)\n    at Module.load (node:internal/modules/cjs/loader:1081:32)\n    at Function.Module._load (node:internal/modules/cjs/loader:922:12)\n    at Function.executeUserEntryPoint [as runMain] (node:internal/modules/run_main:81:12)\n    at phase4 (/Users/dries/_code/_revoke/subscription/node_modules/ts-node/src/bin.ts:649:14)","timestamp":"2023-01-20T16:27:10.471Z"}
{"level":"debug", "label": "winston-pretty","message":"Enjoy winston-pretty! 🎉","timestamp":"2023-01-20T16:27:10.471Z"}

